mode: set
github.com/remuscazacu/chirpy/main.go:42.76,43.71 1 0
github.com/remuscazacu/chirpy/main.go:43.71,46.3 2 0
github.com/remuscazacu/chirpy/main.go:49.78,58.2 3 0
github.com/remuscazacu/chirpy/main.go:60.76,61.27 1 0
github.com/remuscazacu/chirpy/main.go:61.27,64.3 2 0
github.com/remuscazacu/chirpy/main.go:66.2,67.16 2 0
github.com/remuscazacu/chirpy/main.go:67.16,70.3 2 0
github.com/remuscazacu/chirpy/main.go:72.2,73.30 2 0
github.com/remuscazacu/chirpy/main.go:76.68,81.2 2 1
github.com/remuscazacu/chirpy/main.go:83.76,88.2 4 1
github.com/remuscazacu/chirpy/main.go:90.44,98.29 3 1
github.com/remuscazacu/chirpy/main.go:98.29,99.42 1 1
github.com/remuscazacu/chirpy/main.go:99.42,101.4 1 1
github.com/remuscazacu/chirpy/main.go:103.2,103.33 1 1
github.com/remuscazacu/chirpy/main.go:106.63,110.2 3 1
github.com/remuscazacu/chirpy/main.go:112.82,121.16 5 1
github.com/remuscazacu/chirpy/main.go:121.16,124.3 2 1
github.com/remuscazacu/chirpy/main.go:126.2,126.29 1 0
github.com/remuscazacu/chirpy/main.go:126.29,129.3 2 0
github.com/remuscazacu/chirpy/main.go:131.2,137.16 3 0
github.com/remuscazacu/chirpy/main.go:137.16,140.3 2 0
github.com/remuscazacu/chirpy/main.go:142.2,148.4 1 0
github.com/remuscazacu/chirpy/main.go:151.80,153.16 2 0
github.com/remuscazacu/chirpy/main.go:153.16,156.3 2 0
github.com/remuscazacu/chirpy/main.go:158.2,159.31 2 0
github.com/remuscazacu/chirpy/main.go:159.31,167.3 1 0
github.com/remuscazacu/chirpy/main.go:169.2,169.45 1 0
github.com/remuscazacu/chirpy/main.go:172.83,175.16 3 0
github.com/remuscazacu/chirpy/main.go:175.16,178.3 2 0
github.com/remuscazacu/chirpy/main.go:180.2,181.16 2 0
github.com/remuscazacu/chirpy/main.go:181.16,182.27 1 0
github.com/remuscazacu/chirpy/main.go:182.27,185.4 2 0
github.com/remuscazacu/chirpy/main.go:186.3,187.9 2 0
github.com/remuscazacu/chirpy/main.go:190.2,196.4 1 0
github.com/remuscazacu/chirpy/main.go:199.81,208.16 5 1
github.com/remuscazacu/chirpy/main.go:208.16,211.3 2 1
github.com/remuscazacu/chirpy/main.go:213.2,214.16 2 0
github.com/remuscazacu/chirpy/main.go:214.16,217.3 2 0
github.com/remuscazacu/chirpy/main.go:219.2,223.16 2 0
github.com/remuscazacu/chirpy/main.go:223.16,226.3 2 0
github.com/remuscazacu/chirpy/main.go:228.2,233.4 1 0
github.com/remuscazacu/chirpy/main.go:236.76,245.16 5 1
github.com/remuscazacu/chirpy/main.go:245.16,248.3 2 1
github.com/remuscazacu/chirpy/main.go:250.2,251.16 2 0
github.com/remuscazacu/chirpy/main.go:251.16,254.3 2 0
github.com/remuscazacu/chirpy/main.go:256.2,257.26 2 0
github.com/remuscazacu/chirpy/main.go:257.26,260.3 2 0
github.com/remuscazacu/chirpy/main.go:262.2,267.4 1 0
github.com/remuscazacu/chirpy/main.go:270.13,272.16 2 0
github.com/remuscazacu/chirpy/main.go:272.16,274.3 1 0
github.com/remuscazacu/chirpy/main.go:276.2,277.17 2 0
github.com/remuscazacu/chirpy/main.go:277.17,279.3 1 0
github.com/remuscazacu/chirpy/main.go:281.2,282.20 2 0
github.com/remuscazacu/chirpy/main.go:282.20,284.3 1 0
github.com/remuscazacu/chirpy/main.go:286.2,287.16 2 0
github.com/remuscazacu/chirpy/main.go:287.16,289.3 1 0
github.com/remuscazacu/chirpy/main.go:290.2,315.25 15 0
github.com/remuscazacu/chirpy/internal/database/chirps.sql.go:27.90,38.2 4 0
github.com/remuscazacu/chirpy/internal/database/chirps.sql.go:45.70,47.16 2 0
github.com/remuscazacu/chirpy/internal/database/chirps.sql.go:47.16,49.3 1 0
github.com/remuscazacu/chirpy/internal/database/chirps.sql.go:50.2,52.18 3 0
github.com/remuscazacu/chirpy/internal/database/chirps.sql.go:52.18,60.17 2 0
github.com/remuscazacu/chirpy/internal/database/chirps.sql.go:60.17,62.4 1 0
github.com/remuscazacu/chirpy/internal/database/chirps.sql.go:63.3,63.27 1 0
github.com/remuscazacu/chirpy/internal/database/chirps.sql.go:65.2,65.37 1 0
github.com/remuscazacu/chirpy/internal/database/chirps.sql.go:65.37,67.3 1 0
github.com/remuscazacu/chirpy/internal/database/chirps.sql.go:68.2,68.35 1 0
github.com/remuscazacu/chirpy/internal/database/chirps.sql.go:68.35,70.3 1 0
github.com/remuscazacu/chirpy/internal/database/chirps.sql.go:71.2,71.19 1 0
github.com/remuscazacu/chirpy/internal/database/chirps.sql.go:79.82,90.2 4 0
github.com/remuscazacu/chirpy/internal/database/db.go:19.28,21.2 1 0
github.com/remuscazacu/chirpy/internal/database/db.go:27.47,31.2 1 0
github.com/remuscazacu/chirpy/internal/database/users.sql.go:25.87,36.2 4 0
github.com/remuscazacu/chirpy/internal/database/users.sql.go:42.61,45.2 2 0
github.com/remuscazacu/chirpy/internal/database/users.sql.go:52.83,63.2 4 0
github.com/remuscazacu/chirpy/internal/auth/auth.go:8.52,10.16 2 1
github.com/remuscazacu/chirpy/internal/auth/auth.go:10.16,12.3 1 0
github.com/remuscazacu/chirpy/internal/auth/auth.go:13.2,13.18 1 1
github.com/remuscazacu/chirpy/internal/auth/auth.go:17.61,19.16 2 1
github.com/remuscazacu/chirpy/internal/auth/auth.go:19.16,21.3 1 1
github.com/remuscazacu/chirpy/internal/auth/auth.go:22.2,22.19 1 1
